// Jest Snapshot v1, https://goo.gl/fbAQLP

exports[`Select observer component reder right 1`] = `true`;
