// Jest Snapshot v1, https://goo.gl/fbAQLP

exports[`TextArea-pro renders TextArea-pro correctly 1`] = `
<TextArea
  autoComplete="off"
  clearButton={false}
  multiple={false}
  noValidate={false}
  readOnly={false}
  resize="none"
  rows={4}
  showHelp="newLine"
  suffixCls="textarea"
  trim="both"
>
  <Tooltip
    arrowPointAtCenter={false}
    autoAdjustOverflow={true}
    defaultHidden={true}
    mouseEnterDelay={100}
    mouseLeaveDelay={100}
    placement="bottomLeft"
    suffixCls="tooltip"
    theme="light"
    title={null}
    transitionName="zoom-big-fast"
    trigger={
      Array [
        "hover",
      ]
    }
  >
    <Trigger
      action={
        Array [
          "hover",
        ]
      }
      arrowPointAtCenter={false}
      autoAdjustOverflow={true}
      blurDelay={0}
      builtinPlacements={
        Object {
          "bottom": Object {
            "offset": Array [
              0,
              10,
            ],
            "overflow": Object {
              "adjustX": 1,
              "adjustY": 1,
            },
            "points": Array [
              "tc",
              "bc",
            ],
            "targetOffset": Array [
              0,
              0,
            ],
          },
          "bottomLeft": Object {
            "offset": Array [
              0,
              10,
            ],
            "overflow": Object {
              "adjustX": 1,
              "adjustY": 1,
            },
            "points": Array [
              "tl",
              "bl",
            ],
            "targetOffset": Array [
              0,
              0,
            ],
          },
          "bottomRight": Object {
            "offset": Array [
              0,
              10,
            ],
            "overflow": Object {
              "adjustX": 1,
              "adjustY": 1,
            },
            "points": Array [
              "tr",
              "br",
            ],
            "targetOffset": Array [
              0,
              0,
            ],
          },
          "left": Object {
            "offset": Array [
              -10,
              0,
            ],
            "overflow": Object {
              "adjustX": 1,
              "adjustY": 1,
            },
            "points": Array [
              "cr",
              "cl",
            ],
            "targetOffset": Array [
              0,
              0,
            ],
          },
          "leftBottom": Object {
            "offset": Array [
              -10,
              0,
            ],
            "overflow": Object {
              "adjustX": 1,
              "adjustY": 1,
            },
            "points": Array [
              "br",
              "bl",
            ],
            "targetOffset": Array [
              0,
              0,
            ],
          },
          "leftTop": Object {
            "offset": Array [
              -10,
              0,
            ],
            "overflow": Object {
              "adjustX": 1,
              "adjustY": 1,
            },
            "points": Array [
              "tr",
              "tl",
            ],
            "targetOffset": Array [
              0,
              0,
            ],
          },
          "right": Object {
            "offset": Array [
              10,
              0,
            ],
            "overflow": Object {
              "adjustX": 1,
              "adjustY": 1,
            },
            "points": Array [
              "cl",
              "cr",
            ],
            "targetOffset": Array [
              0,
              0,
            ],
          },
          "rightBottom": Object {
            "offset": Array [
              10,
              0,
            ],
            "overflow": Object {
              "adjustX": 1,
              "adjustY": 1,
            },
            "points": Array [
              "bl",
              "br",
            ],
            "targetOffset": Array [
              0,
              0,
            ],
          },
          "rightTop": Object {
            "offset": Array [
              10,
              0,
            ],
            "overflow": Object {
              "adjustX": 1,
              "adjustY": 1,
            },
            "points": Array [
              "tl",
              "tr",
            ],
            "targetOffset": Array [
              0,
              0,
            ],
          },
          "top": Object {
            "offset": Array [
              0,
              -10,
            ],
            "overflow": Object {
              "adjustX": 1,
              "adjustY": 1,
            },
            "points": Array [
              "bc",
              "tc",
            ],
            "targetOffset": Array [
              0,
              0,
            ],
          },
          "topLeft": Object {
            "offset": Array [
              0,
              -10,
            ],
            "overflow": Object {
              "adjustX": 1,
              "adjustY": 1,
            },
            "points": Array [
              "bl",
              "tl",
            ],
            "targetOffset": Array [
              0,
              0,
            ],
          },
          "topRight": Object {
            "offset": Array [
              0,
              -10,
            ],
            "overflow": Object {
              "adjustX": 1,
              "adjustY": 1,
            },
            "points": Array [
              "br",
              "tr",
            ],
            "targetOffset": Array [
              0,
              0,
            ],
          },
        }
      }
      defaultPopupHidden={true}
      focusDelay={150}
      mouseEnterDelay={100}
      mouseLeaveDelay={100}
      popupContent={null}
      popupPlacement="bottomLeft"
      prefixCls="c7n-pro-tooltip"
      suffixCls="tooltip"
      theme="light"
      title={null}
      transitionName="zoom-big-fast"
    >
      <TriggerChild
        key=".$.$wrapper"
        onMouseEnter={[Function]}
        onMouseLeave={[Function]}
      >
        <div
          className="c7n-pro-textarea-wrapper c7n-pro-textarea-empty"
          key=".$wrapper"
          onBlur={[Function]}
          onClick={[Function]}
          onContextMenu={[Function]}
          onFocus={[Function]}
          onMouseDown={[Function]}
          onMouseEnter={[Function]}
          onMouseLeave={[Function]}
        >
          <label>
            <textarea
              autoComplete="off"
              className="c7n-pro-textarea"
              multiple={false}
              noValidate={false}
              onBlur={[Function]}
              onChange={[Function]}
              onFocus={[Function]}
              onKeyDown={[Function]}
              readOnly={false}
              rows={4}
              style={
                Object {
                  "resize": "none",
                }
              }
              type="text"
              value=""
            />
          </label>
        </div>
      </TriggerChild>
      <Popup
        align={
          Object {
            "offset": Array [
              0,
              10,
            ],
            "overflow": Object {
              "adjustX": 1,
              "adjustY": 1,
            },
            "points": Array [
              "tl",
              "bl",
            ],
            "targetOffset": Array [
              0,
              0,
            ],
          }
        }
        className="c7n-pro-tooltip-popup"
        getClassNameFromAlign={[Function]}
        getRootDomNode={[Function]}
        hidden={true}
        key="popup"
        onMouseDown={[Function]}
        onMouseEnter={[Function]}
        onMouseLeave={[Function]}
        suffixCls="popup"
        transitionName="zoom-big-fast"
      />
    </Trigger>
  </Tooltip>
</TextArea>
`;
